---
source: src/lib.rs
expression: "Lexer :: lex(\"ident\")"
---
TokenizedOutput {
    source: "ident",
    tokens: [
        Token {
            ttype: Ident,
            has_error: false,
            handle: 0,
        },
    ],
    token_sources: [
        TokenSource {
            start: 0,
            end: 5,
            line: 0,
        },
    ],
    lines: [
        Line {
            start: 0,
            end: 5,
        },
    ],
}
